{"path":"","metadata":null,"IPFSHash":null,"isDir":true,"files":[{"path":"bar","metadata":null,"IPFSHash":"###bar###","isDir":false,"files":null},{"path":"foo","metadata":null,"IPFSHash":null,"isDir":true,"files":[{"path":"foo/foobar","metadata":null,"IPFSHash":"###foo/foobar###","isDir":false,"files":null}]}]}
